Created additional log file
